:modelprobe:validateProbeAssets SKIPPED
:modelprobe:preBuild SKIPPED
:modelprobe:preDebugBuild SKIPPED
:modelprobe:mergeDebugNativeDebugMetadata SKIPPED
:modelprobe:checkKotlinGradlePluginConfigurationErrors SKIPPED
:modelprobe:checkDebugAarMetadata SKIPPED
:modelprobe:processDebugNavigationResources SKIPPED
:modelprobe:compileDebugNavigationResources SKIPPED
:modelprobe:generateDebugResValues SKIPPED
:modelprobe:mapDebugSourceSetPaths SKIPPED
:modelprobe:generateDebugResources SKIPPED
:modelprobe:mergeDebugResources SKIPPED
:modelprobe:packageDebugResources SKIPPED
:modelprobe:parseDebugLocalResources SKIPPED
:modelprobe:createDebugCompatibleScreenManifests SKIPPED
:modelprobe:extractDeepLinksDebug SKIPPED
:modelprobe:processDebugMainManifest SKIPPED
:modelprobe:processDebugManifest SKIPPED
:modelprobe:processDebugManifestForPackage SKIPPED
:modelprobe:processDebugResources SKIPPED
:modelprobe:compileDebugKotlin SKIPPED
:modelprobe:javaPreCompileDebug SKIPPED
:modelprobe:compileDebugJavaWithJavac SKIPPED
:modelprobe:mergeDebugShaders SKIPPED
:modelprobe:compileDebugShaders SKIPPED
:modelprobe:generateDebugAssets SKIPPED
:modelprobe:mergeDebugAssets SKIPPED
:modelprobe:compressDebugAssets SKIPPED
:modelprobe:desugarDebugFileDependencies SKIPPED
:modelprobe:dexBuilderDebug SKIPPED
:modelprobe:mergeDebugGlobalSynthetics SKIPPED
:modelprobe:processDebugJavaRes SKIPPED
:modelprobe:mergeDebugJavaResource SKIPPED
:modelprobe:checkDebugDuplicateClasses SKIPPED
:modelprobe:mergeExtDexDebug SKIPPED
:modelprobe:mergeLibDexDebug SKIPPED
:modelprobe:mergeProjectDexDebug SKIPPED
:modelprobe:mergeDebugJniLibFolders SKIPPED
:modelprobe:mergeDebugNativeLibs SKIPPED
:modelprobe:stripDebugDebugSymbols SKIPPED
:modelprobe:validateSigningDebug SKIPPED
:modelprobe:writeDebugAppMetadata SKIPPED
:modelprobe:writeDebugSigningConfigVersions SKIPPED
:modelprobe:packageDebug SKIPPED
:modelprobe:createDebugApkListingFileRedirect SKIPPED
:modelprobe:assembleDebug SKIPPED

BUILD SUCCESSFUL in 356ms
